// Jest Snapshot v1, https://goo.gl/fbAQLP

exports[`<Header /> Renders correctly 1`] = `ShallowWrapper {}`;
