// Jest Snapshot v1, https://goo.gl/fbAQLP

exports[`<Home /> Renders correctly 1`] = `ShallowWrapper {}`;
