// Jest Snapshot v1, https://goo.gl/fbAQLP

exports[`LoginPopup Renders correctly 1`] = `ShallowWrapper {}`;
