// Jest Snapshot v1, https://goo.gl/fbAQLP

exports[`<OurMission /> Renders correctly 1`] = `ShallowWrapper {}`;
